[00:18:46] [connected at Fri Nov 15 00:18:46 2019]
[00:19:03] [I have joined #mytest]
[00:22:58] <Bingo122180> hello
[00:23:05] <Bingo122180> twistedbot:hello
[00:23:05] <twistedbot> Bingo122180: I am a log bot
[00:23:34] <Bingo122180> hehehe
[00:24:58] [disconnected at Fri Nov 15 00:24:58 2019]
[13:15:00] [connected at Fri Nov 15 13:15:00 2019]
[13:15:16] [I have joined #mytest007]
[13:15:26] <Bingo9876120> he
[13:15:33] <Bingo9876120> twistedbot:dign
[13:15:33] <twistedbot> Bingo9876120: I am a log bot
[13:15:43] <Bingo9876120> Bingo9876120:sdf
[13:16:21] [disconnected at Fri Nov 15 13:16:21 2019]
[13:22:04] [connected at Fri Nov 15 13:22:04 2019]
[13:22:17] [I have joined #mytest007]
[13:22:36] [disconnected at Fri Nov 15 13:22:36 2019]
[13:23:47] [connected at Fri Nov 15 13:23:47 2019]
[13:23:59] [I have joined #mytest007]
[13:24:20] [disconnected at Fri Nov 15 13:24:20 2019]
[13:26:17] [connected at Fri Nov 15 13:26:17 2019]
[13:26:34] [I have joined #mytest007]
[13:27:02] [disconnected at Fri Nov 15 13:27:02 2019]
[13:32:52] [connected at Fri Nov 15 13:32:52 2019]
[13:32:58] [I have joined #mytest007]
[13:33:03] [disconnected at Fri Nov 15 13:33:03 2019]
[13:35:19] [connected at Fri Nov 15 13:35:19 2019]
[13:35:33] [I have joined #mytest007]
[13:35:56] [disconnected at Fri Nov 15 13:35:56 2019]
[14:25:58] [connected at Fri Nov 15 14:25:58 2019]
[14:26:33] [disconnected at Fri Nov 15 14:26:33 2019]
[14:26:33] [connected at Fri Nov 15 14:26:33 2019]
[14:27:05] [disconnected at Fri Nov 15 14:27:05 2019]
[14:27:07] [connected at Fri Nov 15 14:27:07 2019]
[14:27:50] [disconnected at Fri Nov 15 14:27:50 2019]
[14:29:16] [connected at Fri Nov 15 14:29:16 2019]
[14:29:27] [disconnected at Fri Nov 15 14:29:27 2019]
[14:29:54] [connected at Fri Nov 15 14:29:54 2019]
[14:30:00] [disconnected at Fri Nov 15 14:30:00 2019]
[14:30:00] [connected at Fri Nov 15 14:30:00 2019]
[14:30:29] [disconnected at Fri Nov 15 14:30:29 2019]
[14:30:42] [connected at Fri Nov 15 14:30:42 2019]
[14:31:18] [disconnected at Fri Nov 15 14:31:18 2019]
[14:31:18] [connected at Fri Nov 15 14:31:18 2019]
[14:31:32] [disconnected at Fri Nov 15 14:31:32 2019]
[14:32:21] [connected at Fri Nov 15 14:32:21 2019]
[14:33:01] [disconnected at Fri Nov 15 14:33:01 2019]
[14:34:13] [connected at Fri Nov 15 14:34:13 2019]
[14:34:29] [I have joined #mybingotest]
[14:38:33] [disconnected at Fri Nov 15 14:38:33 2019]
[14:39:22] [connected at Fri Nov 15 14:39:22 2019]
[14:39:22] [connected at Fri Nov 15 14:39:22 2019]
[14:39:22] [disconnected at Fri Nov 15 14:39:22 2019]
[14:39:22] [connected at Fri Nov 15 14:39:22 2019]
[14:39:22] [disconnected at Fri Nov 15 14:39:22 2019]
[14:39:22] [disconnected at Fri Nov 15 14:39:22 2019]
[14:54:33] [connected at Fri Nov 15 14:54:33 2019]
[14:54:48] [I have joined #mybingotest]
[14:55:01] [disconnected at Fri Nov 15 14:55:01 2019]
